kgopi@DESKTOP-PSEOARG MINGW64 ~/gitdemo (master)
$ git branch
* master

kgopi@DESKTOP-PSEOARG MINGW64 ~/gitdemo (master)
$ git status
On branch master
nothing to commit, working tree clean

kgopi@DESKTOP-PSEOARG MINGW64 ~/gitdemo (master)
$ git branch GitNewBranch

kgopi@DESKTOP-PSEOARG MINGW64 ~/gitdemo (master)
$ git branch
  Gitnewbranch
* master

kgopi@DESKTOP-PSEOARG MINGW64 ~/gitdemo (master)
$ git checkout GitNewBranch
Switched to branch 'GitNewBranch'

kgopi@DESKTOP-PSEOARG MINGW64 ~ (master)
$ cd gitdemo

kgopi@DESKTOP-PSEOARG MINGW64 ~/gitdemo (Gitnewbranch)
$ git checkout master
Switched to branch 'master'

kgopi@DESKTOP-PSEOARG MINGW64 ~/gitdemo (master)
$ git branch GitNewBranch
fatal: A branch named 'GitNewBranch' already exists.

kgopi@DESKTOP-PSEOARG MINGW64 ~/gitdemo (master)
$ git branch
  Gitnewbranch
* master

kgopi@DESKTOP-PSEOARG MINGW64 ~/gitdemo (master)
$ git checkout GitNewBranch
Switched to branch 'GitNewBranch'
kgopi@DESKTOP-PSEOARG MINGW64 ~/gitdemo (gitwork)
$ git checkout GitNewBranch
Switched to branch 'GitNewBranch'

kgopi@DESKTOP-PSEOARG MINGW64 ~/gitdemo (GitNewBranch)
$ vi trail.txt

kgopi@DESKTOP-PSEOARG MINGW64 ~/gitdemo (GitNewBranch)
$ git status
On branch GitNewBranch
Changes not staged for commit:
  (use "git add <file>..." to update what will be committed)
  (use "git restore <file>..." to discard changes in working directory)
        modified:   trail.txt

Untracked files:
  (use "git add <file>..." to include in what will be committed)
        .hello.xml.swp

no changes added to commit (use "git add" and/or "git commit -a")

kgopi@DESKTOP-PSEOARG MINGW64 ~/gitdemo (GitNewBranch)
$ git add .
warning: LF will be replaced by CRLF in trail.txt.
The file will have its original line endings in your working directory

kgopi@DESKTOP-PSEOARG MINGW64 ~/gitdemo (GitNewBranch)
$ git add trail.txt

kgopi@DESKTOP-PSEOARG MINGW64 ~/gitdemo (GitNewBranch)
$ git commit -m "trail added"
[GitNewBranch a21b5a0] trail added
 2 files changed, 1 insertion(+)
 create mode 100644 .hello.xml.swp

kgopi@DESKTOP-PSEOARG MINGW64 ~/gitdemo (GitNewBranch)
$ git status
On branch GitNewBranch
nothing to commit, working tree clean

kgopi@DESKTOP-PSEOARG MINGW64 ~/gitdemo (GitNewBranch)
$ git push orgin GitNewBranch
fatal: unable to access 'https://gitlab.com/gopignthe/gitdemo.git/': Could not resolve host: gitlab.com

kgopi@DESKTOP-PSEOARG MINGW64 ~/gitdemo (GitNewBranch)
$ git push orgin GitNewBranch
Enumerating objects: 6, done.
Counting objects: 100% (6/6), done.
Delta compression using up to 4 threads
Compressing objects: 100% (3/3), done.
Writing objects: 100% (4/4), 516 bytes | 258.00 KiB/s, done.
Total 4 (delta 0), reused 0 (delta 0), pack-reused 0
remote:
remote: To create a merge request for GitNewBranch, visit:
remote:   https://gitlab.com/gopignthe/gitdemo/-/merge_requests/new?merge_request%5Bsource_branch%5D=GitNewBranch
remote:
To https://gitlab.com/gopignthe/gitdemo.git
   fc3af99..a21b5a0  GitNewBranch -> GitNewBranch

kgopi@DESKTOP-PSEOARG MINGW64 ~/gitdemo (GitNewBranch)
$ git log --oneline GitNewBranch
a21b5a0 (HEAD -> GitNewBranch, orgin/GitNewBranch) trail added
fc3af99 (orgin/master) trail added
b0d96ee initial commit

kgopi@DESKTOP-PSEOARG MINGW64 ~/gitdemo (GitNewBranch)
$ git log --oneline master
3ef47db (master) example added from master
fc3af99 (orgin/master) trail added
b0d96ee initial commit

kgopi@DESKTOP-PSEOARG MINGW64 ~/gitdemo (GitNewBranch)
$ git checcheckout master
git: 'checcheckout' is not a git command. See 'git --help'.

kgopi@DESKTOP-PSEOARG MINGW64 ~/gitdemo (GitNewBranch)
$ git checkout master
Switched to branch 'master'

kgopi@DESKTOP-PSEOARG MINGW64 ~/gitdemo (master)
$ git ls-l files
git: 'ls-l' is not a git command. See 'git --help'.

The most similar command is
        ls-files

kgopi@DESKTOP-PSEOARG MINGW64 ~/gitdemo (master)
$ git merge GitNewBranch
Merge made by the 'recursive' strategy.
 .hello.xml.swp | Bin 0 -> 12288 bytes
 trail.txt      |   1 +
 2 files changed, 1 insertion(+)
 create mode 100644 .hello.xml.swp

kgopi@DESKTOP-PSEOARG MINGW64 ~/gitdemo (master)
$ git log --oneline master
765a157 (HEAD -> master) Merge branch 'GitNewBranch'
a21b5a0 (orgin/GitNewBranch, GitNewBranch) trail added
3ef47db example added from master
fc3af99 (orgin/master) trail added
b0d96ee initial commit

kgopi@DESKTOP-PSEOARG MINGW64 ~/gitdemo (master)
$ git  push orgin master
Enumerating objects: 6, done.
Counting objects: 100% (6/6), done.
Delta compression using up to 4 threads
Compressing objects: 100% (4/4), done.
Writing objects: 100% (4/4), 567 bytes | 567.00 KiB/s, done.
Total 4 (delta 1), reused 0 (delta 0), pack-reused 0
To https://gitlab.com/gopignthe/gitdemo.git
   fc3af99..765a157  master -> master

kgopi@DESKTOP-PSEOARG MINGW64 ~/gitdemo (master)
$ git branch
  GitNewBranch
  GitWork
* master

kgopi@DESKTOP-PSEOARG MINGW64 ~/gitdemo (master)
$ git checkout gitwork
Switched to branch 'gitwork'

kgopi@DESKTOP-PSEOARG MINGW64 ~/gitdemo (gitwork)
$ vi hello .xml
2 files to edit

kgopi@DESKTOP-PSEOARG MINGW64 ~/gitdemo (gitwork)
$ git log --oneline Gitwork
afb6205 (HEAD, GitWork) example added
fc3af99 trail added
b0d96ee initial commit

kgopi@DESKTOP-PSEOARG MINGW64 ~/gitdemo (gitwork)
$ git log --oneline master
765a157 (orgin/master, master) Merge branch 'GitNewBranch'
a21b5a0 (orgin/GitNewBranch, GitNewBranch) trail added
3ef47db example added from master
fc3af99 trail added
b0d96ee initial commit

kgopi@DESKTOP-PSEOARG MINGW64 ~/gitdemo (gitwork)
$ git add hello.xml
fatal: pathspec 'hello.xml' did not match any files

kgopi@DESKTOP-PSEOARG MINGW64 ~/gitdemo (gitwork)
$ git add hello.xml
fatal: pathspec 'hello.xml' did not match any files

kgopi@DESKTOP-PSEOARG MINGW64 ~/gitdemo (gitwork)
$ git add example.xml

kgopi@DESKTOP-PSEOARG MINGW64 ~/gitdemo (gitwork)
$ vi example.xml

kgopi@DESKTOP-PSEOARG MINGW64 ~/gitdemo (gitwork)
$ git add example.xml
warning: LF will be replaced by CRLF in example.xml.
The file will have its original line endings in your working directory

kgopi@DESKTOP-PSEOARG MINGW64 ~/gitdemo (gitwork)
$ git commit -m "hello xml added"
[gitwork b932641] hello xml added
 1 file changed, 1 insertion(+)

kgopi@DESKTOP-PSEOARG MINGW64 ~/gitdemo (gitwork)
$ git log --oneline Gitwork
b932641 (HEAD -> gitwork) hello xml added
afb6205 example added
fc3af99 trail added
b0d96ee initial commit

kgopi@DESKTOP-PSEOARG MINGW64 ~/gitdemo (gitwork)
$ git log --oneline master
765a157 (orgin/master, master) Merge branch 'GitNewBranch'
a21b5a0 (orgin/GitNewBranch, GitNewBranch) trail added
3ef47db example added from master
fc3af99 trail added
b0d96ee initial commit

kgopi@DESKTOP-PSEOARG MINGW64 ~/gitdemo (gitwork)
$ git checkout master
Switched to branch 'master'

kgopi@DESKTOP-PSEOARG MINGW64 ~/gitdemo (master)
$ vi example.xml

kgopi@DESKTOP-PSEOARG MINGW64 ~/gitdemo (master)
$ git add example.xml
warning: LF will be replaced by CRLF in example.xml.
The file will have its original line endings in your working directory

kgopi@DESKTOP-PSEOARG MINGW64 ~/gitdemo (master)
$ git commit -m"example.xml from master"
[master 87b84cf] example.xml from master
 1 file changed, 1 insertion(+)

kgopi@DESKTOP-PSEOARG MINGW64 ~/gitdemo (master)
$ git log --oneline master
87b84cf (HEAD -> master) example.xml from master
765a157 (orgin/master) Merge branch 'GitNewBranch'
a21b5a0 (orgin/GitNewBranch, GitNewBranch) trail added
3ef47db example added from master
fc3af99 trail added
b0d96ee initial commit

kgopi@DESKTOP-PSEOARG MINGW64 ~/gitdemo (master)
$ git log --oneline Gitwork
b932641 (gitwork) hello xml added
afb6205 example added
fc3af99 trail added
b0d96ee initial commit

kgopi@DESKTOP-PSEOARG MINGW64 ~/gitdemo (master)
$ git diff

kgopi@DESKTOP-PSEOARG MINGW64 ~/gitdemo (master)
$ git diff example.xml

kgopi@DESKTOP-PSEOARG MINGW64 ~/gitdemo (master)
$ vi example.xml

kgopi@DESKTOP-PSEOARG MINGW64 ~/gitdemo (master)
$ git diff example.xml
warning: LF will be replaced by CRLF in example.xml.
The file will have its original line endings in your working directory
diff --git a/example.xml b/example.xml
index 7b45980..d9de15a 100644
--- a/example.xml
+++ b/example.xml
@@ -1 +1 @@
-second test
+first test

kgopi@DESKTOP-PSEOARG MINGW64 ~/gitdemo (master)
$ vi example.xml

kgopi@DESKTOP-PSEOARG MINGW64 ~/gitdemo (master)
$ git diff example.xml
warning: LF will be replaced by CRLF in example.xml.
The file will have its original line endings in your working directory
diff --git a/example.xml b/example.xml
index 7b45980..d3354e4 100644
--- a/example.xml
+++ b/example.xml
@@ -1 +1 @@
-second test
+second file test

kgopi@DESKTOP-PSEOARG MINGW64 ~/gitdemo (master)
$ git log --oneline --graph --decorate
* 87b84cf (HEAD -> master) example.xml from master
*   765a157 (orgin/master) Merge branch 'GitNewBranch'
|\
| * a21b5a0 (orgin/GitNewBranch, GitNewBranch) trail added
* | 3ef47db example added from master
|/
* fc3af99 trail added
* b0d96ee initial commit

kgopi@DESKTOP-PSEOARG MINGW64 ~/gitdemo (master)
$ git log --oneline master
87b84cf (HEAD -> master) example.xml from master
765a157 (orgin/master) Merge branch 'GitNewBranch'
a21b5a0 (orgin/GitNewBranch, GitNewBranch) trail added
3ef47db example added from master
fc3af99 trail added
b0d96ee initial commit

kgopi@DESKTOP-PSEOARG MINGW64 ~/gitdemo (master)
$ git status
On branch master
Changes not staged for commit:
  (use "git add <file>..." to update what will be committed)
  (use "git restore <file>..." to discard changes in working directory)
        modified:   example.xml

Untracked files:
  (use "git add <file>..." to include in what will be committed)
        hello

no changes added to commit (use "git add" and/or "git commit -a")

kgopi@DESKTOP-PSEOARG MINGW64 ~/gitdemo (master)
$ git commit -m"mmodified xml"
On branch master
Changes not staged for commit:
  (use "git add <file>..." to update what will be committed)
  (use "git restore <file>..." to discard changes in working directory)
        modified:   example.xml

Untracked files:
  (use "git add <file>..." to include in what will be committed)
        hello

no changes added to commit (use "git add" and/or "git commit -a")

kgopi@DESKTOP-PSEOARG MINGW64 ~/gitdemo (master)
$ git status
On branch master
Changes not staged for commit:
  (use "git add <file>..." to update what will be committed)
  (use "git restore <file>..." to discard changes in working directory)
        modified:   example.xml

Untracked files:
  (use "git add <file>..." to include in what will be committed)
        hello

no changes added to commit (use "git add" and/or "git commit -a")

kgopi@DESKTOP-PSEOARG MINGW64 ~/gitdemo (master)
$ git add example.xml
warning: LF will be replaced by CRLF in example.xml.
The file will have its original line endings in your working directory

kgopi@DESKTOP-PSEOARG MINGW64 ~/gitdemo (master)
$ git commit -m"mmodified xml from master"
[master 98f4d85] mmodified xml from master
 1 file changed, 1 insertion(+), 1 deletion(-)

kgopi@DESKTOP-PSEOARG MINGW64 ~/gitdemo (master)
$ git status
On branch master
Untracked files:
  (use "git add <file>..." to include in what will be committed)
        hello

nothing added to commit but untracked files present (use "git add" to track)

kgopi@DESKTOP-PSEOARG MINGW64 ~/gitdemo (master)
$ git log --oneline master
98f4d85 (HEAD -> master) mmodified xml from master
87b84cf example.xml from master
765a157 (orgin/master) Merge branch 'GitNewBranch'
a21b5a0 (orgin/GitNewBranch, GitNewBranch) trail added
3ef47db example added from master
fc3af99 trail added
b0d96ee initial commit

kgopi@DESKTOP-PSEOARG MINGW64 ~/gitdemo (master)
$ git log --oneline Gitwork
b932641 (gitwork) hello xml added
afb6205 example added
fc3af99 trail added
b0d96ee initial commit

kgopi@DESKTOP-PSEOARG MINGW64 ~/gitdemo (master)
$ git checkout Gitwork
Switched to branch 'Gitwork'

kgopi@DESKTOP-PSEOARG MINGW64 ~/gitdemo (Gitwork)
$ git checkout master
Switched to branch 'master'

kgopi@DESKTOP-PSEOARG MINGW64 ~/gitdemo (master)
$ git merge Gitwork
CONFLICT (add/add): Merge conflict in example.xml
Auto-merging example.xml
Automatic merge failed; fix conflicts and then commit the result.

kgopi@DESKTOP-PSEOARG MINGW64 ~/gitdemo (master|MERGING)
$ cat example.xml
<<<<<<< HEAD
second file test
=======
example
>>>>>>> Gitwork

kgopi@DESKTOP-PSEOARG MINGW64 ~/gitdemo (master|MERGING)
$ git log --oneline master
98f4d85 (HEAD -> master) mmodified xml from master
87b84cf example.xml from master
765a157 (orgin/master) Merge branch 'GitNewBranch'
a21b5a0 (orgin/GitNewBranch, GitNewBranch) trail added
3ef47db example added from master
fc3af99 trail added
b0d96ee initial commit

kgopi@DESKTOP-PSEOARG MINGW64 ~/gitdemo (master|MERGING)
$ git status
On branch master
You have unmerged paths.
  (fix conflicts and run "git commit")
  (use "git merge --abort" to abort the merge)

Unmerged paths:
  (use "git add <file>..." to mark resolution)
        both added:      example.xml

Untracked files:
  (use "git add <file>..." to include in what will be committed)
        hello

no changes added to commit (use "git add" and/or "git commit -a")

kgopi@DESKTOP-PSEOARG MINGW64 ~/gitdemo (master|MERGING)
$ git  add example.xml

kgopi@DESKTOP-PSEOARG MINGW64 ~/gitdemo (master|MERGING)
$ git commit -m "xml file merged"
[master 56a2286] xml file merged

kgopi@DESKTOP-PSEOARG MINGW64 ~/gitdemo (master)
$ git log --oneline master
56a2286 (HEAD -> master) xml file merged
98f4d85 mmodified xml from master
87b84cf example.xml from master
b932641 (gitwork) hello xml added
765a157 (orgin/master) Merge branch 'GitNewBranch'
a21b5a0 (orgin/GitNewBranch, GitNewBranch) trail added
3ef47db example added from master
afb6205 example added
fc3af99 trail added
b0d96ee initial commit

kgopi@DESKTOP-PSEOARG MINGW64 ~/gitdemo (master)
$ cat example.xml
<<<<<<< HEAD
second file test
=======
example
>>>>>>> Gitwork
